// Jest Snapshot v1, https://goo.gl/fbAQLP

exports[`NextForm matches the snapshot 1`] = `null`;
