// Jest Snapshot v1, https://goo.gl/fbAQLP

exports[`QuoteFormInputs matches the snapshot 1`] = `null`;
